[INFO] Scanning for projects...
[INFO] ------------------------------------------------------------------------
[INFO] Reactor Build Order:
[INFO] 
[INFO] Shopping_Cart                                                      [pom]
[INFO] common-lib                                                         [jar]
[INFO] user-service                                                       [jar]
[INFO] catalog-service                                                    [jar]
[INFO] webapp                                                             [jar]
[INFO] discovery-server                                                   [jar]
[INFO] api-gateway                                                        [jar]
[INFO] 
[INFO] -----------------------< com.ecom:Shopping_Cart >-----------------------
[INFO] Building Shopping_Cart 1.0.0-SNAPSHOT                              [1/7]
[INFO]   from pom.xml
[INFO] --------------------------------[ pom ]---------------------------------
[INFO] 
[INFO] ------------------------< com.ecom:common-lib >-------------------------
[INFO] Building common-lib 1.0.0-SNAPSHOT                                 [2/7]
[INFO]   from common-lib\pom.xml
[INFO] --------------------------------[ jar ]---------------------------------
[INFO] 
[INFO] --- resources:3.3.1:resources (default-resources) @ common-lib ---
[INFO] skip non existing resourceDirectory E:\work_space\proj\CART_CRUSH\Shopping_Cart\common-lib\src\main\resources
[INFO] skip non existing resourceDirectory E:\work_space\proj\CART_CRUSH\Shopping_Cart\common-lib\src\main\resources
[INFO] 
[INFO] --- compiler:3.11.0:compile (default-compile) @ common-lib ---
[INFO] Nothing to compile - all classes are up to date
[INFO] 
[INFO] -----------------------< com.ecom:user-service >------------------------
[INFO] Building user-service 1.0.0-SNAPSHOT                               [3/7]
[INFO]   from user-service\pom.xml
[INFO] --------------------------------[ jar ]---------------------------------
[INFO] 
[INFO] --- resources:3.3.1:resources (default-resources) @ user-service ---
[INFO] Copying 1 resource from src\main\resources to target\classes
[INFO] Copying 0 resource from src\main\resources to target\classes
[INFO] 
[INFO] --- compiler:3.11.0:compile (default-compile) @ user-service ---
[INFO] Nothing to compile - all classes are up to date
[INFO] 
[INFO] ----------------------< com.ecom:catalog-service >----------------------
[INFO] Building catalog-service 1.0.0-SNAPSHOT                            [4/7]
[INFO]   from catalog-service\pom.xml
[INFO] --------------------------------[ jar ]---------------------------------
[INFO] 
[INFO] --- resources:3.3.1:resources (default-resources) @ catalog-service ---
[INFO] Copying 1 resource from src\main\resources to target\classes
[INFO] Copying 0 resource from src\main\resources to target\classes
[INFO] 
[INFO] --- compiler:3.11.0:compile (default-compile) @ catalog-service ---
[INFO] Nothing to compile - all classes are up to date
[INFO] 
[INFO] --------------------------< com.ecom:webapp >---------------------------
[INFO] Building webapp 1.0.0-SNAPSHOT                                     [5/7]
[INFO]   from webapp\pom.xml
[INFO] --------------------------------[ jar ]---------------------------------
[INFO] 
[INFO] --- resources:3.3.1:resources (default-resources) @ webapp ---
[INFO] Copying 1 resource from src\main\resources to target\classes
[INFO] Copying 38 resources from src\main\resources to target\classes
[INFO] 
[INFO] --- compiler:3.11.0:compile (default-compile) @ webapp ---
[INFO] Nothing to compile - all classes are up to date
[INFO] 
[INFO] ---------------------< com.ecom:discovery-server >----------------------
[INFO] Building discovery-server 1.0.0-SNAPSHOT                           [6/7]
[INFO]   from discovery-server\pom.xml
[INFO] --------------------------------[ jar ]---------------------------------
[INFO] 
[INFO] --- resources:3.3.1:resources (default-resources) @ discovery-server ---
[INFO] Copying 1 resource from src\main\resources to target\classes
[INFO] Copying 0 resource from src\main\resources to target\classes
[INFO] 
[INFO] --- compiler:3.11.0:compile (default-compile) @ discovery-server ---
[INFO] Nothing to compile - all classes are up to date
[INFO] 
[INFO] ------------------------< com.ecom:api-gateway >------------------------
[INFO] Building api-gateway 1.0.0-SNAPSHOT                                [7/7]
[INFO]   from api-gateway\pom.xml
[INFO] --------------------------------[ jar ]---------------------------------
[INFO] 
[INFO] --- resources:3.3.1:resources (default-resources) @ api-gateway ---
[INFO] Copying 1 resource from src\main\resources to target\classes
[INFO] Copying 0 resource from src\main\resources to target\classes
[INFO] 
[INFO] --- compiler:3.11.0:compile (default-compile) @ api-gateway ---
[INFO] Changes detected - recompiling the module! :input tree
[INFO] Compiling 4 source files with javac [debug release 17] to target\classes
[INFO] ------------------------------------------------------------------------
[INFO] Reactor Summary for Shopping_Cart 1.0.0-SNAPSHOT:
[INFO] 
[INFO] Shopping_Cart ...................................... SUCCESS [  0.005 s]
[INFO] common-lib ......................................... SUCCESS [  0.735 s]
[INFO] user-service ....................................... SUCCESS [  0.732 s]
[INFO] catalog-service .................................... SUCCESS [  0.133 s]
[INFO] webapp ............................................. SUCCESS [  0.146 s]
[INFO] discovery-server ................................... SUCCESS [  0.276 s]
[INFO] api-gateway ........................................ SUCCESS [  1.635 s]
[INFO] ------------------------------------------------------------------------
[INFO] BUILD SUCCESS
[INFO] ------------------------------------------------------------------------
[INFO] Total time:  4.433 s
[INFO] Finished at: 2026-03-20T12:58:48+05:30
[INFO] ------------------------------------------------------------------------
