[INFO] Scanning for projects...
[INFO] 
[INFO] ---------------------< com.ecom:discovery-server >----------------------
[INFO] Building discovery-server 1.0.0-SNAPSHOT
[INFO]   from pom.xml
[INFO] --------------------------------[ jar ]---------------------------------
[INFO] 
[INFO] >>> spring-boot:3.2.4:run (default-cli) > test-compile @ discovery-server >>>
[INFO] 
[INFO] --- resources:3.3.1:resources (default-resources) @ discovery-server ---
[INFO] Copying 1 resource from src\main\resources to target\classes
[INFO] Copying 0 resource from src\main\resources to target\classes
[INFO] 
[INFO] --- compiler:3.11.0:compile (default-compile) @ discovery-server ---
[INFO] Nothing to compile - all classes are up to date
[INFO] 
[INFO] --- resources:3.3.1:testResources (default-testResources) @ discovery-server ---
[INFO] skip non existing resourceDirectory E:\work_space\proj\CART_CRUSH\Shopping_Cart\discovery-server\src\test\resources
[INFO] 
[INFO] --- compiler:3.11.0:testCompile (default-testCompile) @ discovery-server ---
[INFO] No sources to compile
[INFO] 
[INFO] <<< spring-boot:3.2.4:run (default-cli) < test-compile @ discovery-server <<<
[INFO] 
[INFO] 
[INFO] --- spring-boot:3.2.4:run (default-cli) @ discovery-server ---
[INFO] Attaching agents: []

  .   ____          _            __ _ _
 /\\ / ___'_ __ _ _(_)_ __  __ _ \ \ \ \
( ( )\___ | '_ | '_| | '_ \/ _` | \ \ \ \
 \\/  ___)| |_)| | | | | || (_| |  ) ) ) )
  '  |____| .__|_| |_|_| |_\__, | / / / /
 =========|_|==============|___/=/_/_/_/
 :: Spring Boot ::                (v3.2.4)

2026-02-24T17:06:48.184+05:30  INFO 2220 --- [discovery-server] [           main] c.e.d.DiscoveryServerApplication         : Starting DiscoveryServerApplication using Java 17.0.12 with PID 2220 (E:\work_space\proj\CART_CRUSH\Shopping_Cart\discovery-server\target\classes started by amits in E:\work_space\proj\CART_CRUSH\Shopping_Cart\discovery-server)
2026-02-24T17:06:48.200+05:30  INFO 2220 --- [discovery-server] [           main] c.e.d.DiscoveryServerApplication         : No active profile set, falling back to 1 default profile: "default"
2026-02-24T17:06:49.772+05:30  INFO 2220 --- [discovery-server] [           main] o.s.cloud.context.scope.GenericScope     : BeanFactory id=0d8d75b7-4b2b-31db-a1f1-866386c8cd16
2026-02-24T17:06:49.835+05:30  WARN 2220 --- [discovery-server] [           main] trationDelegate$BeanPostProcessorChecker : Bean 'org.springframework.cloud.client.loadbalancer.LoadBalancerAutoConfiguration$DeferringLoadBalancerInterceptorConfig' of type [org.springframework.cloud.client.loadbalancer.LoadBalancerAutoConfiguration$DeferringLoadBalancerInterceptorConfig] is not eligible for getting processed by all BeanPostProcessors (for example: not eligible for auto-proxying). The currently created BeanPostProcessor [lbRestClientPostProcessor] is declared through a non-static factory method on that class; consider declaring it as static instead.
2026-02-24T17:06:49.851+05:30  WARN 2220 --- [discovery-server] [           main] trationDelegate$BeanPostProcessorChecker : Bean 'deferringLoadBalancerInterceptor' of type [org.springframework.cloud.client.loadbalancer.DeferringLoadBalancerInterceptor] is not eligible for getting processed by all BeanPostProcessors (for example: not eligible for auto-proxying). Is this bean getting eagerly injected into a currently created BeanPostProcessor [lbRestClientPostProcessor]? Check the corresponding BeanPostProcessor declaration and its dependencies.
2026-02-24T17:06:50.629+05:30  INFO 2220 --- [discovery-server] [           main] o.s.b.w.embedded.tomcat.TomcatWebServer  : Tomcat initialized with port 8761 (http)
2026-02-24T17:06:50.671+05:30  INFO 2220 --- [discovery-server] [           main] o.apache.catalina.core.StandardService   : Starting service [Tomcat]
2026-02-24T17:06:50.673+05:30  INFO 2220 --- [discovery-server] [           main] o.apache.catalina.core.StandardEngine    : Starting Servlet engine: [Apache Tomcat/10.1.19]
2026-02-24T17:06:50.935+05:30  INFO 2220 --- [discovery-server] [           main] o.a.c.c.C.[Tomcat].[localhost].[/]       : Initializing Spring embedded WebApplicationContext
2026-02-24T17:06:50.939+05:30  INFO 2220 --- [discovery-server] [           main] w.s.c.ServletWebServerApplicationContext : Root WebApplicationContext: initialization completed in 2654 ms
2026-02-24T17:06:53.847+05:30  INFO 2220 --- [discovery-server] [           main] c.n.d.provider.DiscoveryJerseyProvider   : Using JSON encoding codec LegacyJacksonJson
2026-02-24T17:06:53.847+05:30  INFO 2220 --- [discovery-server] [           main] c.n.d.provider.DiscoveryJerseyProvider   : Using JSON decoding codec LegacyJacksonJson
2026-02-24T17:06:54.473+05:30  INFO 2220 --- [discovery-server] [           main] c.n.d.provider.DiscoveryJerseyProvider   : Using XML encoding codec XStreamXml
2026-02-24T17:06:54.473+05:30  INFO 2220 --- [discovery-server] [           main] c.n.d.provider.DiscoveryJerseyProvider   : Using XML decoding codec XStreamXml
2026-02-24T17:06:57.474+05:30  WARN 2220 --- [discovery-server] [           main] iguration$LoadBalancerCaffeineWarnLogger : Spring Cloud LoadBalancer is currently working with the default cache. While this cache implementation is useful for development and tests, it's recommended to use Caffeine cache in production.You can switch to using Caffeine cache, by adding it and org.springframework.cache.caffeine.CaffeineCacheManager to the classpath.
2026-02-24T17:06:57.563+05:30  INFO 2220 --- [discovery-server] [           main] o.s.c.n.eureka.InstanceInfoFactory       : Setting initial instance status as: STARTING
2026-02-24T17:06:57.622+05:30  INFO 2220 --- [discovery-server] [           main] com.netflix.discovery.DiscoveryClient    : Initializing Eureka in region us-east-1
2026-02-24T17:06:57.622+05:30  INFO 2220 --- [discovery-server] [           main] com.netflix.discovery.DiscoveryClient    : Client configured to neither register nor query for data.
2026-02-24T17:06:57.630+05:30  INFO 2220 --- [discovery-server] [           main] com.netflix.discovery.DiscoveryClient    : Discovery Client initialized at timestamp 1771933017630 with initial instances count: 0
2026-02-24T17:06:57.757+05:30  INFO 2220 --- [discovery-server] [           main] c.n.eureka.DefaultEurekaServerContext    : Initializing ...
2026-02-24T17:06:57.757+05:30  INFO 2220 --- [discovery-server] [           main] c.n.eureka.cluster.PeerEurekaNodes       : Adding new peer nodes [http://localhost:8761/eureka/]
2026-02-24T17:06:58.167+05:30  INFO 2220 --- [discovery-server] [           main] c.n.d.provider.DiscoveryJerseyProvider   : Using JSON encoding codec LegacyJacksonJson
2026-02-24T17:06:58.167+05:30  INFO 2220 --- [discovery-server] [           main] c.n.d.provider.DiscoveryJerseyProvider   : Using JSON decoding codec LegacyJacksonJson
2026-02-24T17:06:58.167+05:30  INFO 2220 --- [discovery-server] [           main] c.n.d.provider.DiscoveryJerseyProvider   : Using XML encoding codec XStreamXml
2026-02-24T17:06:58.167+05:30  INFO 2220 --- [discovery-server] [           main] c.n.d.provider.DiscoveryJerseyProvider   : Using XML decoding codec XStreamXml
2026-02-24T17:06:58.287+05:30  INFO 2220 --- [discovery-server] [           main] c.n.eureka.cluster.PeerEurekaNodes       : Replica node URL:  http://localhost:8761/eureka/
2026-02-24T17:06:58.327+05:30  INFO 2220 --- [discovery-server] [           main] c.n.e.registry.AbstractInstanceRegistry  : Finished initializing remote region registries. All known remote regions: []
2026-02-24T17:06:58.327+05:30  INFO 2220 --- [discovery-server] [           main] c.n.eureka.DefaultEurekaServerContext    : Initialized
2026-02-24T17:06:58.355+05:30  INFO 2220 --- [discovery-server] [           main] o.s.b.a.e.web.EndpointLinksResolver      : Exposing 2 endpoint(s) beneath base path '/actuator'
2026-02-24T17:06:58.505+05:30  INFO 2220 --- [discovery-server] [           main] o.s.c.n.e.s.EurekaServiceRegistry        : Registering application DISCOVERY-SERVER with eureka with status UP
2026-02-24T17:06:58.541+05:30  INFO 2220 --- [discovery-server] [       Thread-9] o.s.c.n.e.server.EurekaServerBootstrap   : isAws returned false
2026-02-24T17:06:58.541+05:30  INFO 2220 --- [discovery-server] [       Thread-9] o.s.c.n.e.server.EurekaServerBootstrap   : Initialized server context
2026-02-24T17:06:58.541+05:30  INFO 2220 --- [discovery-server] [       Thread-9] c.n.e.r.PeerAwareInstanceRegistryImpl    : Got 1 instances from neighboring DS node
2026-02-24T17:06:58.541+05:30  INFO 2220 --- [discovery-server] [       Thread-9] c.n.e.r.PeerAwareInstanceRegistryImpl    : Renew threshold is: 1
2026-02-24T17:06:58.547+05:30  INFO 2220 --- [discovery-server] [       Thread-9] c.n.e.r.PeerAwareInstanceRegistryImpl    : Changing status to UP
2026-02-24T17:06:58.555+05:30  INFO 2220 --- [discovery-server] [       Thread-9] e.s.EurekaServerInitializerConfiguration : Started Eureka Server
2026-02-24T17:06:58.583+05:30  INFO 2220 --- [discovery-server] [           main] o.s.b.w.embedded.tomcat.TomcatWebServer  : Tomcat started on port 8761 (http) with context path ''
2026-02-24T17:06:58.586+05:30  INFO 2220 --- [discovery-server] [           main] .s.c.n.e.s.EurekaAutoServiceRegistration : Updating port to 8761
2026-02-24T17:06:58.862+05:30  INFO 2220 --- [discovery-server] [nio-8761-exec-1] o.a.c.c.C.[Tomcat].[localhost].[/]       : Initializing Spring DispatcherServlet 'dispatcherServlet'
2026-02-24T17:06:58.862+05:30  INFO 2220 --- [discovery-server] [nio-8761-exec-1] o.s.web.servlet.DispatcherServlet        : Initializing Servlet 'dispatcherServlet'
2026-02-24T17:06:58.868+05:30  INFO 2220 --- [discovery-server] [nio-8761-exec-1] o.s.web.servlet.DispatcherServlet        : Completed initialization in 6 ms
2026-02-24T17:06:59.010+05:30  INFO 2220 --- [discovery-server] [           main] c.e.d.DiscoveryServerApplication         : Started DiscoveryServerApplication in 11.576 seconds (process running for 12.048)
2026-02-24T17:06:59.326+05:30  INFO 2220 --- [discovery-server] [nio-8761-exec-1] c.n.e.registry.AbstractInstanceRegistry  : Registered instance USER-SERVICE/DESKTOP-G5S78M7:user-service:8081 with status UP (replication=false)
2026-02-24T17:07:00.363+05:30  INFO 2220 --- [discovery-server] [nio-8761-exec-2] c.n.e.registry.AbstractInstanceRegistry  : Registered instance USER-SERVICE/DESKTOP-G5S78M7:user-service:8081 with status UP (replication=true)
2026-02-24T17:07:03.499+05:30  WARN 2220 --- [discovery-server] [nio-8761-exec-3] c.n.e.registry.AbstractInstanceRegistry  : DS: Registry: lease doesn't exist, registering resource: CATALOG-SERVICE - DESKTOP-G5S78M7:catalog-service:8082
2026-02-24T17:07:03.499+05:30  WARN 2220 --- [discovery-server] [nio-8761-exec-3] c.n.eureka.resources.InstanceResource    : Not Found (Renew): CATALOG-SERVICE - DESKTOP-G5S78M7:catalog-service:8082
2026-02-24T17:07:03.686+05:30  INFO 2220 --- [discovery-server] [nio-8761-exec-5] c.n.e.registry.AbstractInstanceRegistry  : Registered instance CATALOG-SERVICE/DESKTOP-G5S78M7:catalog-service:8082 with status UP (replication=false)
2026-02-24T17:07:04.217+05:30  INFO 2220 --- [discovery-server] [nio-8761-exec-6] c.n.e.registry.AbstractInstanceRegistry  : Registered instance CATALOG-SERVICE/DESKTOP-G5S78M7:catalog-service:8082 with status UP (replication=true)
2026-02-24T17:07:08.824+05:30  WARN 2220 --- [discovery-server] [nio-8761-exec-8] c.n.e.registry.AbstractInstanceRegistry  : DS: Registry: lease doesn't exist, registering resource: API-GATEWAY - DESKTOP-G5S78M7:api-gateway:8088
2026-02-24T17:07:08.824+05:30  WARN 2220 --- [discovery-server] [nio-8761-exec-8] c.n.eureka.resources.InstanceResource    : Not Found (Renew): API-GATEWAY - DESKTOP-G5S78M7:api-gateway:8088
2026-02-24T17:07:08.882+05:30  INFO 2220 --- [discovery-server] [nio-8761-exec-9] c.n.e.registry.AbstractInstanceRegistry  : Registered instance API-GATEWAY/DESKTOP-G5S78M7:api-gateway:8088 with status UP (replication=false)
2026-02-24T17:07:08.888+05:30  INFO 2220 --- [discovery-server] [io-8761-exec-10] c.n.e.registry.AbstractInstanceRegistry  : Registered instance API-GATEWAY/DESKTOP-G5S78M7:api-gateway:8088 with status UP (replication=false)
2026-02-24T17:07:09.415+05:30  INFO 2220 --- [discovery-server] [nio-8761-exec-1] c.n.e.registry.AbstractInstanceRegistry  : Registered instance API-GATEWAY/DESKTOP-G5S78M7:api-gateway:8088 with status UP (replication=true)
2026-02-24T17:07:17.278+05:30  WARN 2220 --- [discovery-server] [nio-8761-exec-4] c.n.e.registry.AbstractInstanceRegistry  : DS: Registry: lease doesn't exist, registering resource: WEBAPP - DESKTOP-G5S78M7:webapp:8085
2026-02-24T17:07:17.278+05:30  WARN 2220 --- [discovery-server] [nio-8761-exec-4] c.n.eureka.resources.InstanceResource    : Not Found (Renew): WEBAPP - DESKTOP-G5S78M7:webapp:8085
2026-02-24T17:07:17.358+05:30  INFO 2220 --- [discovery-server] [nio-8761-exec-3] c.n.e.registry.AbstractInstanceRegistry  : Registered instance WEBAPP/DESKTOP-G5S78M7:webapp:8085 with status UP (replication=false)
2026-02-24T17:07:17.875+05:30  INFO 2220 --- [discovery-server] [nio-8761-exec-5] c.n.e.registry.AbstractInstanceRegistry  : Registered instance WEBAPP/DESKTOP-G5S78M7:webapp:8085 with status UP (replication=true)
2026-02-24T17:07:58.555+05:30  INFO 2220 --- [discovery-server] [a-EvictionTimer] c.n.e.registry.AbstractInstanceRegistry  : Running the evict task with compensationTime 0ms
2026-02-24T17:08:58.556+05:30  INFO 2220 --- [discovery-server] [a-EvictionTimer] c.n.e.registry.AbstractInstanceRegistry  : Running the evict task with compensationTime 0ms
2026-02-24T17:09:58.558+05:30  INFO 2220 --- [discovery-server] [a-EvictionTimer] c.n.e.registry.AbstractInstanceRegistry  : Running the evict task with compensationTime 2ms
2026-02-24T17:10:58.563+05:30  INFO 2220 --- [discovery-server] [a-EvictionTimer] c.n.e.registry.AbstractInstanceRegistry  : Running the evict task with compensationTime 4ms
2026-02-24T17:11:58.563+05:30  INFO 2220 --- [discovery-server] [a-EvictionTimer] c.n.e.registry.AbstractInstanceRegistry  : Running the evict task with compensationTime 0ms
2026-02-24T17:12:58.578+05:30  INFO 2220 --- [discovery-server] [a-EvictionTimer] c.n.e.registry.AbstractInstanceRegistry  : Running the evict task with compensationTime 14ms
2026-02-24T17:13:58.582+05:30  INFO 2220 --- [discovery-server] [a-EvictionTimer] c.n.e.registry.AbstractInstanceRegistry  : Running the evict task with compensationTime 4ms
2026-02-24T17:14:58.597+05:30  INFO 2220 --- [discovery-server] [a-EvictionTimer] c.n.e.registry.AbstractInstanceRegistry  : Running the evict task with compensationTime 14ms
2026-02-24T17:15:58.609+05:30  INFO 2220 --- [discovery-server] [a-EvictionTimer] c.n.e.registry.AbstractInstanceRegistry  : Running the evict task with compensationTime 12ms
2026-02-24T17:16:58.610+05:30  INFO 2220 --- [discovery-server] [a-EvictionTimer] c.n.e.registry.AbstractInstanceRegistry  : Running the evict task with compensationTime 1ms
2026-02-24T17:17:58.618+05:30  INFO 2220 --- [discovery-server] [a-EvictionTimer] c.n.e.registry.AbstractInstanceRegistry  : Running the evict task with compensationTime 7ms
2026-02-24T17:18:58.628+05:30  INFO 2220 --- [discovery-server] [a-EvictionTimer] c.n.e.registry.AbstractInstanceRegistry  : Running the evict task with compensationTime 11ms
2026-02-24T17:19:58.641+05:30  INFO 2220 --- [discovery-server] [a-EvictionTimer] c.n.e.registry.AbstractInstanceRegistry  : Running the evict task with compensationTime 11ms
2026-02-24T17:20:58.641+05:30  INFO 2220 --- [discovery-server] [a-EvictionTimer] c.n.e.registry.AbstractInstanceRegistry  : Running the evict task with compensationTime 0ms
2026-02-24T17:21:58.330+05:30  INFO 2220 --- [discovery-server] [hresholdUpdater] c.n.e.r.PeerAwareInstanceRegistryImpl    : Current renewal threshold is : 8
2026-02-24T17:21:58.642+05:30  INFO 2220 --- [discovery-server] [a-EvictionTimer] c.n.e.registry.AbstractInstanceRegistry  : Running the evict task with compensationTime 0ms
2026-02-24T17:22:58.642+05:30  INFO 2220 --- [discovery-server] [a-EvictionTimer] c.n.e.registry.AbstractInstanceRegistry  : Running the evict task with compensationTime 0ms
2026-02-24T17:23:58.645+05:30  INFO 2220 --- [discovery-server] [a-EvictionTimer] c.n.e.registry.AbstractInstanceRegistry  : Running the evict task with compensationTime 2ms
2026-02-24T17:24:58.657+05:30  INFO 2220 --- [discovery-server] [a-EvictionTimer] c.n.e.registry.AbstractInstanceRegistry  : Running the evict task with compensationTime 12ms
2026-02-24T17:25:58.661+05:30  INFO 2220 --- [discovery-server] [a-EvictionTimer] c.n.e.registry.AbstractInstanceRegistry  : Running the evict task with compensationTime 3ms
2026-02-24T17:26:58.676+05:30  INFO 2220 --- [discovery-server] [a-EvictionTimer] c.n.e.registry.AbstractInstanceRegistry  : Running the evict task with compensationTime 14ms
2026-02-24T17:27:58.691+05:30  INFO 2220 --- [discovery-server] [a-EvictionTimer] c.n.e.registry.AbstractInstanceRegistry  : Running the evict task with compensationTime 15ms
2026-02-24T17:28:58.707+05:30  INFO 2220 --- [discovery-server] [a-EvictionTimer] c.n.e.registry.AbstractInstanceRegistry  : Running the evict task with compensationTime 16ms
2026-02-24T17:29:58.722+05:30  INFO 2220 --- [discovery-server] [a-EvictionTimer] c.n.e.registry.AbstractInstanceRegistry  : Running the evict task with compensationTime 14ms
2026-02-24T17:30:58.737+05:30  INFO 2220 --- [discovery-server] [a-EvictionTimer] c.n.e.registry.AbstractInstanceRegistry  : Running the evict task with compensationTime 15ms
2026-02-24T17:31:58.750+05:30  INFO 2220 --- [discovery-server] [a-EvictionTimer] c.n.e.registry.AbstractInstanceRegistry  : Running the evict task with compensationTime 12ms
2026-02-24T17:32:58.752+05:30  INFO 2220 --- [discovery-server] [a-EvictionTimer] c.n.e.registry.AbstractInstanceRegistry  : Running the evict task with compensationTime 1ms
2026-02-24T17:33:58.766+05:30  INFO 2220 --- [discovery-server] [a-EvictionTimer] c.n.e.registry.AbstractInstanceRegistry  : Running the evict task with compensationTime 14ms
2026-02-24T17:34:58.782+05:30  INFO 2220 --- [discovery-server] [a-EvictionTimer] c.n.e.registry.AbstractInstanceRegistry  : Running the evict task with compensationTime 15ms
2026-02-24T17:35:58.782+05:30  INFO 2220 --- [discovery-server] [a-EvictionTimer] c.n.e.registry.AbstractInstanceRegistry  : Running the evict task with compensationTime 0ms
2026-02-24T17:36:58.344+05:30  INFO 2220 --- [discovery-server] [hresholdUpdater] c.n.e.r.PeerAwareInstanceRegistryImpl    : Current renewal threshold is : 8
2026-02-24T17:36:58.786+05:30  INFO 2220 --- [discovery-server] [a-EvictionTimer] c.n.e.registry.AbstractInstanceRegistry  : Running the evict task with compensationTime 3ms
2026-02-24T17:37:58.796+05:30  INFO 2220 --- [discovery-server] [a-EvictionTimer] c.n.e.registry.AbstractInstanceRegistry  : Running the evict task with compensationTime 10ms
2026-02-24T17:38:58.805+05:30  INFO 2220 --- [discovery-server] [a-EvictionTimer] c.n.e.registry.AbstractInstanceRegistry  : Running the evict task with compensationTime 8ms
2026-02-24T17:39:26.936+05:30  INFO 2220 --- [discovery-server] [nio-8761-exec-6] c.n.e.registry.AbstractInstanceRegistry  : Registered instance API-GATEWAY/DESKTOP-G5S78M7:api-gateway:8088 with status UP (replication=false)
2026-02-24T17:39:27.478+05:30  INFO 2220 --- [discovery-server] [nio-8761-exec-1] c.n.e.registry.AbstractInstanceRegistry  : Registered instance API-GATEWAY/DESKTOP-G5S78M7:api-gateway:8088 with status UP (replication=true)
2026-02-24T17:39:30.911+05:30  INFO 2220 --- [discovery-server] [nio-8761-exec-9] c.n.e.registry.AbstractInstanceRegistry  : Registered instance WEBAPP/DESKTOP-G5S78M7:webapp:8085 with status UP (replication=false)
2026-02-24T17:39:31.019+05:30  INFO 2220 --- [discovery-server] [nio-8761-exec-8] c.n.e.registry.AbstractInstanceRegistry  : Registered instance WEBAPP/DESKTOP-G5S78M7:webapp:8085 with status UP (replication=true)
2026-02-24T17:39:58.814+05:30  INFO 2220 --- [discovery-server] [a-EvictionTimer] c.n.e.registry.AbstractInstanceRegistry  : Running the evict task with compensationTime 8ms
2026-02-24T17:40:58.819+05:30  INFO 2220 --- [discovery-server] [a-EvictionTimer] c.n.e.registry.AbstractInstanceRegistry  : Running the evict task with compensationTime 5ms
2026-02-24T17:41:58.829+05:30  INFO 2220 --- [discovery-server] [a-EvictionTimer] c.n.e.registry.AbstractInstanceRegistry  : Running the evict task with compensationTime 9ms
2026-02-24T17:42:58.830+05:30  INFO 2220 --- [discovery-server] [a-EvictionTimer] c.n.e.registry.AbstractInstanceRegistry  : Running the evict task with compensationTime 1ms
2026-02-24T17:43:58.844+05:30  INFO 2220 --- [discovery-server] [a-EvictionTimer] c.n.e.registry.AbstractInstanceRegistry  : Running the evict task with compensationTime 13ms
2026-02-24T17:44:58.856+05:30  INFO 2220 --- [discovery-server] [a-EvictionTimer] c.n.e.registry.AbstractInstanceRegistry  : Running the evict task with compensationTime 11ms
2026-02-24T17:45:58.861+05:30  INFO 2220 --- [discovery-server] [a-EvictionTimer] c.n.e.registry.AbstractInstanceRegistry  : Running the evict task with compensationTime 4ms
2026-02-24T17:46:58.867+05:30  INFO 2220 --- [discovery-server] [a-EvictionTimer] c.n.e.registry.AbstractInstanceRegistry  : Running the evict task with compensationTime 6ms
2026-02-24T17:47:10.196+05:30  INFO 2220 --- [discovery-server] [nio-8761-exec-5] c.n.e.registry.AbstractInstanceRegistry  : Registered instance API-GATEWAY/DESKTOP-G5S78M7:api-gateway:8088 with status UP (replication=false)
2026-02-24T17:47:10.725+05:30  INFO 2220 --- [discovery-server] [nio-8761-exec-2] c.n.e.registry.AbstractInstanceRegistry  : Registered instance API-GATEWAY/DESKTOP-G5S78M7:api-gateway:8088 with status UP (replication=true)
2026-02-24T17:47:15.784+05:30  INFO 2220 --- [discovery-server] [nio-8761-exec-3] c.n.e.registry.AbstractInstanceRegistry  : Registered instance WEBAPP/DESKTOP-G5S78M7:webapp:8085 with status UP (replication=false)
2026-02-24T17:47:16.314+05:30  INFO 2220 --- [discovery-server] [nio-8761-exec-6] c.n.e.registry.AbstractInstanceRegistry  : Registered instance WEBAPP/DESKTOP-G5S78M7:webapp:8085 with status UP (replication=true)
2026-02-24T17:47:58.875+05:30  INFO 2220 --- [discovery-server] [a-EvictionTimer] c.n.e.registry.AbstractInstanceRegistry  : Running the evict task with compensationTime 7ms
2026-02-24T17:48:58.890+05:30  INFO 2220 --- [discovery-server] [a-EvictionTimer] c.n.e.registry.AbstractInstanceRegistry  : Running the evict task with compensationTime 15ms
2026-02-24T17:49:58.891+05:30  INFO 2220 --- [discovery-server] [a-EvictionTimer] c.n.e.registry.AbstractInstanceRegistry  : Running the evict task with compensationTime 0ms
2026-02-24T17:50:58.907+05:30  INFO 2220 --- [discovery-server] [a-EvictionTimer] c.n.e.registry.AbstractInstanceRegistry  : Running the evict task with compensationTime 15ms
2026-02-24T17:51:58.376+05:30  INFO 2220 --- [discovery-server] [hresholdUpdater] c.n.e.r.PeerAwareInstanceRegistryImpl    : Current renewal threshold is : 8
2026-02-24T17:51:58.908+05:30  INFO 2220 --- [discovery-server] [a-EvictionTimer] c.n.e.registry.AbstractInstanceRegistry  : Running the evict task with compensationTime 0ms
2026-02-24T17:52:58.923+05:30  INFO 2220 --- [discovery-server] [a-EvictionTimer] c.n.e.registry.AbstractInstanceRegistry  : Running the evict task with compensationTime 15ms
2026-02-24T17:53:58.939+05:30  INFO 2220 --- [discovery-server] [a-EvictionTimer] c.n.e.registry.AbstractInstanceRegistry  : Running the evict task with compensationTime 16ms
2026-02-24T17:54:58.953+05:30  INFO 2220 --- [discovery-server] [a-EvictionTimer] c.n.e.registry.AbstractInstanceRegistry  : Running the evict task with compensationTime 14ms
2026-02-24T17:55:58.954+05:30  INFO 2220 --- [discovery-server] [a-EvictionTimer] c.n.e.registry.AbstractInstanceRegistry  : Running the evict task with compensationTime 0ms
2026-02-24T17:56:58.969+05:30  INFO 2220 --- [discovery-server] [a-EvictionTimer] c.n.e.registry.AbstractInstanceRegistry  : Running the evict task with compensationTime 15ms
2026-02-24T17:57:58.970+05:30  INFO 2220 --- [discovery-server] [a-EvictionTimer] c.n.e.registry.AbstractInstanceRegistry  : Running the evict task with compensationTime 0ms
2026-02-24T17:58:58.985+05:30  INFO 2220 --- [discovery-server] [a-EvictionTimer] c.n.e.registry.AbstractInstanceRegistry  : Running the evict task with compensationTime 15ms
2026-02-24T17:59:58.999+05:30  INFO 2220 --- [discovery-server] [a-EvictionTimer] c.n.e.registry.AbstractInstanceRegistry  : Running the evict task with compensationTime 14ms
2026-02-24T18:00:59.001+05:30  INFO 2220 --- [discovery-server] [a-EvictionTimer] c.n.e.registry.AbstractInstanceRegistry  : Running the evict task with compensationTime 1ms
2026-02-24T18:01:59.001+05:30  INFO 2220 --- [discovery-server] [a-EvictionTimer] c.n.e.registry.AbstractInstanceRegistry  : Running the evict task with compensationTime 0ms
2026-02-24T18:02:59.017+05:30  INFO 2220 --- [discovery-server] [a-EvictionTimer] c.n.e.registry.AbstractInstanceRegistry  : Running the evict task with compensationTime 15ms
2026-02-24T18:03:59.031+05:30  INFO 2220 --- [discovery-server] [a-EvictionTimer] c.n.e.registry.AbstractInstanceRegistry  : Running the evict task with compensationTime 14ms
2026-02-24T18:04:59.031+05:30  INFO 2220 --- [discovery-server] [a-EvictionTimer] c.n.e.registry.AbstractInstanceRegistry  : Running the evict task with compensationTime 0ms
2026-02-24T18:05:59.042+05:30  INFO 2220 --- [discovery-server] [a-EvictionTimer] c.n.e.registry.AbstractInstanceRegistry  : Running the evict task with compensationTime 10ms
2026-02-24T18:06:58.375+05:30  INFO 2220 --- [discovery-server] [hresholdUpdater] c.n.e.r.PeerAwareInstanceRegistryImpl    : Current renewal threshold is : 8
2026-02-24T18:06:59.048+05:30  INFO 2220 --- [discovery-server] [a-EvictionTimer] c.n.e.registry.AbstractInstanceRegistry  : Running the evict task with compensationTime 6ms
2026-02-24T18:07:59.063+05:30  INFO 2220 --- [discovery-server] [a-EvictionTimer] c.n.e.registry.AbstractInstanceRegistry  : Running the evict task with compensationTime 14ms
2026-02-24T18:08:59.077+05:30  INFO 2220 --- [discovery-server] [a-EvictionTimer] c.n.e.registry.AbstractInstanceRegistry  : Running the evict task with compensationTime 14ms
2026-02-24T18:09:59.088+05:30  INFO 2220 --- [discovery-server] [a-EvictionTimer] c.n.e.registry.AbstractInstanceRegistry  : Running the evict task with compensationTime 10ms
2026-02-24T18:10:59.096+05:30  INFO 2220 --- [discovery-server] [a-EvictionTimer] c.n.e.registry.AbstractInstanceRegistry  : Running the evict task with compensationTime 8ms
2026-02-24T18:11:59.111+05:30  INFO 2220 --- [discovery-server] [a-EvictionTimer] c.n.e.registry.AbstractInstanceRegistry  : Running the evict task with compensationTime 14ms
2026-02-24T18:12:59.115+05:30  INFO 2220 --- [discovery-server] [a-EvictionTimer] c.n.e.registry.AbstractInstanceRegistry  : Running the evict task with compensationTime 3ms
2026-02-24T18:13:59.127+05:30  INFO 2220 --- [discovery-server] [a-EvictionTimer] c.n.e.registry.AbstractInstanceRegistry  : Running the evict task with compensationTime 11ms
2026-02-24T18:14:56.408+05:30  INFO 2220 --- [discovery-server] [nio-8761-exec-2] c.n.e.registry.AbstractInstanceRegistry  : Registered instance API-GATEWAY/DESKTOP-G5S78M7:api-gateway:8088 with status UP (replication=false)
2026-02-24T18:14:56.928+05:30  INFO 2220 --- [discovery-server] [nio-8761-exec-4] c.n.e.registry.AbstractInstanceRegistry  : Registered instance API-GATEWAY/DESKTOP-G5S78M7:api-gateway:8088 with status UP (replication=true)
2026-02-24T18:14:58.964+05:30  INFO 2220 --- [discovery-server] [nio-8761-exec-3] c.n.e.registry.AbstractInstanceRegistry  : Registered instance WEBAPP/DESKTOP-G5S78M7:webapp:8085 with status UP (replication=false)
2026-02-24T18:14:59.141+05:30  INFO 2220 --- [discovery-server] [a-EvictionTimer] c.n.e.registry.AbstractInstanceRegistry  : Running the evict task with compensationTime 14ms
2026-02-24T18:14:59.501+05:30  INFO 2220 --- [discovery-server] [io-8761-exec-10] c.n.e.registry.AbstractInstanceRegistry  : Registered instance WEBAPP/DESKTOP-G5S78M7:webapp:8085 with status UP (replication=true)
2026-02-24T18:15:59.156+05:30  INFO 2220 --- [discovery-server] [a-EvictionTimer] c.n.e.registry.AbstractInstanceRegistry  : Running the evict task with compensationTime 15ms
2026-02-24T18:16:59.158+05:30  INFO 2220 --- [discovery-server] [a-EvictionTimer] c.n.e.registry.AbstractInstanceRegistry  : Running the evict task with compensationTime 1ms
2026-02-24T18:17:59.173+05:30  INFO 2220 --- [discovery-server] [a-EvictionTimer] c.n.e.registry.AbstractInstanceRegistry  : Running the evict task with compensationTime 14ms
2026-02-24T18:18:59.188+05:30  INFO 2220 --- [discovery-server] [a-EvictionTimer] c.n.e.registry.AbstractInstanceRegistry  : Running the evict task with compensationTime 15ms
2026-02-24T18:19:59.190+05:30  INFO 2220 --- [discovery-server] [a-EvictionTimer] c.n.e.registry.AbstractInstanceRegistry  : Running the evict task with compensationTime 1ms
2026-02-24T18:20:59.205+05:30  INFO 2220 --- [discovery-server] [a-EvictionTimer] c.n.e.registry.AbstractInstanceRegistry  : Running the evict task with compensationTime 15ms
2026-02-24T18:21:58.378+05:30  INFO 2220 --- [discovery-server] [hresholdUpdater] c.n.e.r.PeerAwareInstanceRegistryImpl    : Current renewal threshold is : 8
2026-02-24T18:21:59.219+05:30  INFO 2220 --- [discovery-server] [a-EvictionTimer] c.n.e.registry.AbstractInstanceRegistry  : Running the evict task with compensationTime 14ms
2026-02-24T18:22:59.220+05:30  INFO 2220 --- [discovery-server] [a-EvictionTimer] c.n.e.registry.AbstractInstanceRegistry  : Running the evict task with compensationTime 0ms
2026-02-24T18:23:59.235+05:30  INFO 2220 --- [discovery-server] [a-EvictionTimer] c.n.e.registry.AbstractInstanceRegistry  : Running the evict task with compensationTime 14ms
2026-02-24T18:24:59.236+05:30  INFO 2220 --- [discovery-server] [a-EvictionTimer] c.n.e.registry.AbstractInstanceRegistry  : Running the evict task with compensationTime 1ms
2026-02-24T18:25:59.252+05:30  INFO 2220 --- [discovery-server] [a-EvictionTimer] c.n.e.registry.AbstractInstanceRegistry  : Running the evict task with compensationTime 15ms
2026-02-24T18:26:59.266+05:30  INFO 2220 --- [discovery-server] [a-EvictionTimer] c.n.e.registry.AbstractInstanceRegistry  : Running the evict task with compensationTime 13ms
2026-02-24T18:27:59.267+05:30  INFO 2220 --- [discovery-server] [a-EvictionTimer] c.n.e.registry.AbstractInstanceRegistry  : Running the evict task with compensationTime 1ms
2026-02-24T18:28:59.271+05:30  INFO 2220 --- [discovery-server] [a-EvictionTimer] c.n.e.registry.AbstractInstanceRegistry  : Running the evict task with compensationTime 3ms
2026-02-24T18:29:59.280+05:30  INFO 2220 --- [discovery-server] [a-EvictionTimer] c.n.e.registry.AbstractInstanceRegistry  : Running the evict task with compensationTime 9ms
2026-02-24T18:30:59.283+05:30  INFO 2220 --- [discovery-server] [a-EvictionTimer] c.n.e.registry.AbstractInstanceRegistry  : Running the evict task with compensationTime 2ms
2026-02-24T18:31:59.297+05:30  INFO 2220 --- [discovery-server] [a-EvictionTimer] c.n.e.registry.AbstractInstanceRegistry  : Running the evict task with compensationTime 14ms
2026-02-24T18:32:59.303+05:30  INFO 2220 --- [discovery-server] [a-EvictionTimer] c.n.e.registry.AbstractInstanceRegistry  : Running the evict task with compensationTime 6ms
2026-02-24T18:33:59.313+05:30  INFO 2220 --- [discovery-server] [a-EvictionTimer] c.n.e.registry.AbstractInstanceRegistry  : Running the evict task with compensationTime 10ms
2026-02-24T18:34:59.328+05:30  INFO 2220 --- [discovery-server] [a-EvictionTimer] c.n.e.registry.AbstractInstanceRegistry  : Running the evict task with compensationTime 14ms
2026-02-24T18:35:59.328+05:30  INFO 2220 --- [discovery-server] [a-EvictionTimer] c.n.e.registry.AbstractInstanceRegistry  : Running the evict task with compensationTime 0ms
2026-02-24T18:36:58.395+05:30  INFO 2220 --- [discovery-server] [hresholdUpdater] c.n.e.r.PeerAwareInstanceRegistryImpl    : Current renewal threshold is : 8
2026-02-24T18:36:59.343+05:30  INFO 2220 --- [discovery-server] [a-EvictionTimer] c.n.e.registry.AbstractInstanceRegistry  : Running the evict task with compensationTime 15ms
2026-02-24T18:37:59.344+05:30  INFO 2220 --- [discovery-server] [a-EvictionTimer] c.n.e.registry.AbstractInstanceRegistry  : Running the evict task with compensationTime 0ms
2026-02-24T18:38:59.352+05:30  INFO 2220 --- [discovery-server] [a-EvictionTimer] c.n.e.registry.AbstractInstanceRegistry  : Running the evict task with compensationTime 7ms
2026-02-24T18:39:59.363+05:30  INFO 2220 --- [discovery-server] [a-EvictionTimer] c.n.e.registry.AbstractInstanceRegistry  : Running the evict task with compensationTime 11ms
2026-02-24T18:40:59.365+05:30  INFO 2220 --- [discovery-server] [a-EvictionTimer] c.n.e.registry.AbstractInstanceRegistry  : Running the evict task with compensationTime 2ms
2026-02-24T18:41:59.376+05:30  INFO 2220 --- [discovery-server] [a-EvictionTimer] c.n.e.registry.AbstractInstanceRegistry  : Running the evict task with compensationTime 9ms
2026-02-24T18:42:59.390+05:30  INFO 2220 --- [discovery-server] [a-EvictionTimer] c.n.e.registry.AbstractInstanceRegistry  : Running the evict task with compensationTime 14ms
2026-02-24T18:43:59.396+05:30  INFO 2220 --- [discovery-server] [a-EvictionTimer] c.n.e.registry.AbstractInstanceRegistry  : Running the evict task with compensationTime 5ms
2026-02-24T18:44:59.406+05:30  INFO 2220 --- [discovery-server] [a-EvictionTimer] c.n.e.registry.AbstractInstanceRegistry  : Running the evict task with compensationTime 10ms
2026-02-24T18:45:59.411+05:30  INFO 2220 --- [discovery-server] [a-EvictionTimer] c.n.e.registry.AbstractInstanceRegistry  : Running the evict task with compensationTime 4ms
2026-02-24T18:46:59.418+05:30  INFO 2220 --- [discovery-server] [a-EvictionTimer] c.n.e.registry.AbstractInstanceRegistry  : Running the evict task with compensationTime 7ms
2026-02-24T18:47:59.438+05:30  INFO 2220 --- [discovery-server] [a-EvictionTimer] c.n.e.registry.AbstractInstanceRegistry  : Running the evict task with compensationTime 19ms
2026-02-24T18:48:59.453+05:30  INFO 2220 --- [discovery-server] [a-EvictionTimer] c.n.e.registry.AbstractInstanceRegistry  : Running the evict task with compensationTime 15ms
2026-02-24T18:49:59.455+05:30  INFO 2220 --- [discovery-server] [a-EvictionTimer] c.n.e.registry.AbstractInstanceRegistry  : Running the evict task with compensationTime 2ms
2026-02-24T18:50:59.455+05:30  INFO 2220 --- [discovery-server] [a-EvictionTimer] c.n.e.registry.AbstractInstanceRegistry  : Running the evict task with compensationTime 0ms
2026-02-24T18:51:58.406+05:30  INFO 2220 --- [discovery-server] [hresholdUpdater] c.n.e.r.PeerAwareInstanceRegistryImpl    : Current renewal threshold is : 8
2026-02-24T18:51:59.459+05:30  INFO 2220 --- [discovery-server] [a-EvictionTimer] c.n.e.registry.AbstractInstanceRegistry  : Running the evict task with compensationTime 4ms
2026-02-24T18:52:59.472+05:30  INFO 2220 --- [discovery-server] [a-EvictionTimer] c.n.e.registry.AbstractInstanceRegistry  : Running the evict task with compensationTime 13ms
2026-02-24T18:53:59.487+05:30  INFO 2220 --- [discovery-server] [a-EvictionTimer] c.n.e.registry.AbstractInstanceRegistry  : Running the evict task with compensationTime 14ms
2026-02-24T18:54:59.489+05:30  INFO 2220 --- [discovery-server] [a-EvictionTimer] c.n.e.registry.AbstractInstanceRegistry  : Running the evict task with compensationTime 2ms
2026-02-24T18:55:59.503+05:30  INFO 2220 --- [discovery-server] [a-EvictionTimer] c.n.e.registry.AbstractInstanceRegistry  : Running the evict task with compensationTime 14ms
2026-02-24T18:56:59.513+05:30  INFO 2220 --- [discovery-server] [a-EvictionTimer] c.n.e.registry.AbstractInstanceRegistry  : Running the evict task with compensationTime 9ms
2026-02-24T18:57:59.518+05:30  INFO 2220 --- [discovery-server] [a-EvictionTimer] c.n.e.registry.AbstractInstanceRegistry  : Running the evict task with compensationTime 5ms
2026-02-24T18:58:59.531+05:30  INFO 2220 --- [discovery-server] [a-EvictionTimer] c.n.e.registry.AbstractInstanceRegistry  : Running the evict task with compensationTime 13ms
2026-02-24T18:59:59.537+05:30  INFO 2220 --- [discovery-server] [a-EvictionTimer] c.n.e.registry.AbstractInstanceRegistry  : Running the evict task with compensationTime 5ms
2026-02-24T19:00:59.546+05:30  INFO 2220 --- [discovery-server] [a-EvictionTimer] c.n.e.registry.AbstractInstanceRegistry  : Running the evict task with compensationTime 9ms
2026-02-24T19:01:59.552+05:30  INFO 2220 --- [discovery-server] [a-EvictionTimer] c.n.e.registry.AbstractInstanceRegistry  : Running the evict task with compensationTime 4ms
2026-02-24T19:02:59.564+05:30  INFO 2220 --- [discovery-server] [a-EvictionTimer] c.n.e.registry.AbstractInstanceRegistry  : Running the evict task with compensationTime 11ms
2026-02-24T19:03:59.566+05:30  INFO 2220 --- [discovery-server] [a-EvictionTimer] c.n.e.registry.AbstractInstanceRegistry  : Running the evict task with compensationTime 1ms
2026-02-24T19:04:59.580+05:30  INFO 2220 --- [discovery-server] [a-EvictionTimer] c.n.e.registry.AbstractInstanceRegistry  : Running the evict task with compensationTime 14ms
2026-02-24T19:05:59.588+05:30  INFO 2220 --- [discovery-server] [a-EvictionTimer] c.n.e.registry.AbstractInstanceRegistry  : Running the evict task with compensationTime 7ms
2026-02-24T19:06:58.422+05:30  INFO 2220 --- [discovery-server] [hresholdUpdater] c.n.e.r.PeerAwareInstanceRegistryImpl    : Current renewal threshold is : 8
2026-02-24T19:06:59.588+05:30  INFO 2220 --- [discovery-server] [a-EvictionTimer] c.n.e.registry.AbstractInstanceRegistry  : Running the evict task with compensationTime 0ms
2026-02-24T19:07:59.598+05:30  INFO 2220 --- [discovery-server] [a-EvictionTimer] c.n.e.registry.AbstractInstanceRegistry  : Running the evict task with compensationTime 9ms
2026-02-24T19:08:59.614+05:30  INFO 2220 --- [discovery-server] [a-EvictionTimer] c.n.e.registry.AbstractInstanceRegistry  : Running the evict task with compensationTime 16ms
2026-02-24T19:09:59.625+05:30  INFO 2220 --- [discovery-server] [a-EvictionTimer] c.n.e.registry.AbstractInstanceRegistry  : Running the evict task with compensationTime 10ms
2026-02-24T19:10:59.633+05:30  INFO 2220 --- [discovery-server] [a-EvictionTimer] c.n.e.registry.AbstractInstanceRegistry  : Running the evict task with compensationTime 7ms
2026-02-24T19:11:59.641+05:30  INFO 2220 --- [discovery-server] [a-EvictionTimer] c.n.e.registry.AbstractInstanceRegistry  : Running the evict task with compensationTime 7ms
2026-02-24T19:12:59.641+05:30  INFO 2220 --- [discovery-server] [a-EvictionTimer] c.n.e.registry.AbstractInstanceRegistry  : Running the evict task with compensationTime 1ms
2026-02-24T19:13:59.643+05:30  INFO 2220 --- [discovery-server] [a-EvictionTimer] c.n.e.registry.AbstractInstanceRegistry  : Running the evict task with compensationTime 1ms
2026-02-24T19:14:59.656+05:30  INFO 2220 --- [discovery-server] [a-EvictionTimer] c.n.e.registry.AbstractInstanceRegistry  : Running the evict task with compensationTime 12ms
2026-02-24T19:15:59.657+05:30  INFO 2220 --- [discovery-server] [a-EvictionTimer] c.n.e.registry.AbstractInstanceRegistry  : Running the evict task with compensationTime 1ms
2026-02-24T19:16:59.673+05:30  INFO 2220 --- [discovery-server] [a-EvictionTimer] c.n.e.registry.AbstractInstanceRegistry  : Running the evict task with compensationTime 16ms
2026-02-24T19:17:59.676+05:30  INFO 2220 --- [discovery-server] [a-EvictionTimer] c.n.e.registry.AbstractInstanceRegistry  : Running the evict task with compensationTime 3ms
2026-02-24T19:18:59.677+05:30  INFO 2220 --- [discovery-server] [a-EvictionTimer] c.n.e.registry.AbstractInstanceRegistry  : Running the evict task with compensationTime 0ms
2026-02-24T19:19:59.685+05:30  INFO 2220 --- [discovery-server] [a-EvictionTimer] c.n.e.registry.AbstractInstanceRegistry  : Running the evict task with compensationTime 9ms
2026-02-24T19:20:59.694+05:30  INFO 2220 --- [discovery-server] [a-EvictionTimer] c.n.e.registry.AbstractInstanceRegistry  : Running the evict task with compensationTime 7ms
2026-02-24T19:21:58.425+05:30  INFO 2220 --- [discovery-server] [hresholdUpdater] c.n.e.r.PeerAwareInstanceRegistryImpl    : Current renewal threshold is : 8
2026-02-24T19:21:59.709+05:30  INFO 2220 --- [discovery-server] [a-EvictionTimer] c.n.e.registry.AbstractInstanceRegistry  : Running the evict task with compensationTime 15ms
^C